// Vitest Snapshot v1, https://vitest.dev/guide/snapshot.html

exports[`SeasonSection Snapshots > season=autumn のHTML構造 1`] = `"<section aria-label="紅葉狩り" class="rounded-sm border p-8 bg-orange-50 border-orange-200 "><div class="flex items-center gap-2 mb-4"><span class="text-2xl" role="img" aria-label="autumn">🍁</span><span class="text-xs font-semibold tracking-widest uppercase text-wafu-momiji">秋 — Autumn</span></div><h2 class="font-serif-jp text-2xl font-bold text-wafu-text-primary mb-2">紅葉狩り</h2></section>"`;

exports[`SeasonSection Snapshots > season=spring のHTML構造 1`] = `"<section aria-label="桜の季節" class="rounded-sm border p-8 bg-pink-50 border-pink-200 "><div class="flex items-center gap-2 mb-4"><span class="text-2xl" role="img" aria-label="spring">🌸</span><span class="text-xs font-semibold tracking-widest uppercase text-pink-600">春 — Spring</span></div><h2 class="font-serif-jp text-2xl font-bold text-wafu-text-primary mb-2">桜の季節</h2></section>"`;

exports[`SeasonSection Snapshots > season=summer のHTML構造 1`] = `"<section aria-label="涼風の夏" class="rounded-sm border p-8 bg-emerald-50 border-emerald-200 "><div class="flex items-center gap-2 mb-4"><span class="text-2xl" role="img" aria-label="summer">🎋</span><span class="text-xs font-semibold tracking-widest uppercase text-wafu-take">夏 — Summer</span></div><h2 class="font-serif-jp text-2xl font-bold text-wafu-text-primary mb-2">涼風の夏</h2></section>"`;

exports[`SeasonSection Snapshots > season=winter のHTML構造 1`] = `"<section aria-label="雪見の宿" class="rounded-sm border p-8 bg-slate-50 border-slate-200 "><div class="flex items-center gap-2 mb-4"><span class="text-2xl" role="img" aria-label="winter">❄️</span><span class="text-xs font-semibold tracking-widest uppercase text-wafu-ai">冬 — Winter</span></div><h2 class="font-serif-jp text-2xl font-bold text-wafu-text-primary mb-2">雪見の宿</h2></section>"`;

exports[`SeasonSection Snapshots > subtitle + children 付き 1`] = `"<section aria-label="紅葉狩り" class="rounded-sm border p-8 bg-orange-50 border-orange-200 "><div class="flex items-center gap-2 mb-4"><span class="text-2xl" role="img" aria-label="autumn">🍁</span><span class="text-xs font-semibold tracking-widest uppercase text-wafu-momiji">秋 — Autumn</span></div><h2 class="font-serif-jp text-2xl font-bold text-wafu-text-primary mb-2">紅葉狩り</h2><p class="text-sm text-wafu-text-secondary leading-relaxed mb-6">色づく山々</p><div class="mt-6"><p>テスト子要素</p></div></section>"`;

exports[`SeasonSection Snapshots > 英語ロケール 1`] = `"<section aria-label="Cherry Blossoms" class="rounded-sm border p-8 bg-pink-50 border-pink-200 "><div class="flex items-center gap-2 mb-4"><span class="text-2xl" role="img" aria-label="spring">🌸</span><span class="text-xs font-semibold tracking-widest uppercase text-pink-600">Spring — 春</span></div><h2 class="font-serif-jp text-2xl font-bold text-wafu-text-primary mb-2">Cherry Blossoms</h2></section>"`;
